d:\irrlicht\irrlicht-1.8.5\source\irrlicht\obj\release64\cdmfloader.obj
d:\irrlicht\irrlicht-1.8.5\source\irrlicht\obj\release64\ccsmloader.obj
d:\irrlicht\irrlicht-1.8.5\source\irrlicht\obj\release64\ccolladafileloader.obj
d:\irrlicht\irrlicht-1.8.5\source\irrlicht\obj\release64\cbspmeshfileloader.obj
d:\irrlicht\irrlicht-1.8.5\source\irrlicht\obj\release64\cb3dmeshfileloader.obj
d:\irrlicht\irrlicht-1.8.5\source\irrlicht\obj\release64\canimatedmeshmd3.obj
d:\irrlicht\irrlicht-1.8.5\source\irrlicht\obj\release64\canimatedmeshmd2.obj
d:\irrlicht\irrlicht-1.8.5\source\irrlicht\obj\release64\canimatedmeshhalflife.obj
d:\irrlicht\irrlicht-1.8.5\source\irrlicht\obj\release64\csmfmeshfileloader.obj
d:\irrlicht\irrlicht-1.8.5\source\irrlicht\obj\release64\c3dsmeshfileloader.obj
d:\irrlicht\irrlicht-1.8.5\source\irrlicht\obj\release64\cscenemanager.obj
d:\irrlicht\irrlicht-1.8.5\source\irrlicht\obj\release64\copenglcgmaterialrenderer.obj
d:\irrlicht\irrlicht-1.8.5\source\irrlicht\obj\release64\cmeshmanipulator.obj
d:\irrlicht\irrlicht-1.8.5\source\irrlicht\obj\release64\cmeshcache.obj
d:\irrlicht\irrlicht-1.8.5\source\irrlicht\obj\release64\cgeometrycreator.obj
d:\irrlicht\irrlicht-1.8.5\source\irrlicht\obj\release64\cdefaultscenenodefactory.obj
d:\irrlicht\irrlicht-1.8.5\source\irrlicht\obj\release64\cdefaultscenenodeanimatorfactory.obj
d:\irrlicht\irrlicht-1.8.5\source\irrlicht\obj\release64\cd3d9cgmaterialrenderer.obj
d:\irrlicht\irrlicht-1.8.5\source\irrlicht\obj\release64\ccgmaterialrenderer.obj
d:\irrlicht\irrlicht-1.8.5\source\irrlicht\obj\release64\iscenecollisionmanager.obj
d:\irrlicht\irrlicht-1.8.5\source\irrlicht\obj\release64\ccubescenenode.obj
d:\irrlicht\irrlicht-1.8.5\source\irrlicht\obj\release64\ccamerascenenode.obj
d:\irrlicht\irrlicht-1.8.5\source\irrlicht\obj\release64\cbonescenenode.obj
d:\irrlicht\irrlicht-1.8.5\source\irrlicht\obj\release64\cbillboardscenenode.obj
d:\irrlicht\irrlicht-1.8.5\source\irrlicht\obj\release64\canimatedmeshscenenode.obj
d:\irrlicht\irrlicht-1.8.5\source\irrlicht\obj\release64\cxmeshfileloader.obj
d:\irrlicht\irrlicht-1.8.5\source\irrlicht\obj\release64\cstlmeshfileloader.obj
d:\irrlicht\irrlicht-1.8.5\source\irrlicht\obj\release64\cskinnedmesh.obj
d:\irrlicht\irrlicht-1.8.5\source\irrlicht\obj\release64\cq3levelmesh.obj
d:\irrlicht\irrlicht-1.8.5\source\irrlicht\obj\release64\cplymeshfileloader.obj
d:\irrlicht\irrlicht-1.8.5\source\irrlicht\obj\release64\cogremeshfileloader.obj
d:\irrlicht\irrlicht-1.8.5\source\irrlicht\obj\release64\coctloader.obj
d:\irrlicht\irrlicht-1.8.5\source\irrlicht\obj\release64\cobjmeshfileloader.obj
d:\irrlicht\irrlicht-1.8.5\source\irrlicht\obj\release64\cmy3dmeshfileloader.obj
d:\irrlicht\irrlicht-1.8.5\source\irrlicht\obj\release64\cms3dmeshfileloader.obj
d:\irrlicht\irrlicht-1.8.5\source\irrlicht\obj\release64\cmd3meshfileloader.obj
d:\irrlicht\irrlicht-1.8.5\source\irrlicht\obj\release64\cmd2meshfileloader.obj
d:\irrlicht\irrlicht-1.8.5\source\irrlicht\obj\release64\clwomeshfileloader.obj
d:\irrlicht\irrlicht-1.8.5\source\irrlicht\obj\release64\clmtsmeshfileloader.obj
d:\irrlicht\irrlicht-1.8.5\source\irrlicht\obj\release64\cirrmeshfileloader.obj
d:\irrlicht\irrlicht-1.8.5\source\irrlicht\obj\release64\cparticlegravityaffector.obj
d:\irrlicht\irrlicht-1.8.5\source\irrlicht\obj\release64\cparticlefadeoutaffector.obj
d:\irrlicht\irrlicht-1.8.5\source\irrlicht\obj\release64\cparticlecylinderemitter.obj
d:\irrlicht\irrlicht-1.8.5\source\irrlicht\obj\release64\cparticleboxemitter.obj
d:\irrlicht\irrlicht-1.8.5\source\irrlicht\obj\release64\cparticleattractionaffector.obj
d:\irrlicht\irrlicht-1.8.5\source\irrlicht\obj\release64\cparticleanimatedmeshscenenodeemitter.obj
d:\irrlicht\irrlicht-1.8.5\source\irrlicht\obj\release64\cwatersurfacescenenode.obj
d:\irrlicht\irrlicht-1.8.5\source\irrlicht\obj\release64\cvolumelightscenenode.obj
d:\irrlicht\irrlicht-1.8.5\source\irrlicht\obj\release64\ctextscenenode.obj
d:\irrlicht\irrlicht-1.8.5\source\irrlicht\obj\release64\cterrainscenenode.obj
d:\irrlicht\irrlicht-1.8.5\source\irrlicht\obj\release64\cspherescenenode.obj
d:\irrlicht\irrlicht-1.8.5\source\irrlicht\obj\release64\cskydomescenenode.obj
d:\irrlicht\irrlicht-1.8.5\source\irrlicht\obj\release64\cskyboxscenenode.obj
d:\irrlicht\irrlicht-1.8.5\source\irrlicht\obj\release64\cshadowvolumescenenode.obj
d:\irrlicht\irrlicht-1.8.5\source\irrlicht\obj\release64\cquake3shaderscenenode.obj
d:\irrlicht\irrlicht-1.8.5\source\irrlicht\obj\release64\coctreescenenode.obj
d:\irrlicht\irrlicht-1.8.5\source\irrlicht\obj\release64\cmeshscenenode.obj
d:\irrlicht\irrlicht-1.8.5\source\irrlicht\obj\release64\clightscenenode.obj
d:\irrlicht\irrlicht-1.8.5\source\irrlicht\obj\release64\cemptyscenenode.obj
d:\irrlicht\irrlicht-1.8.5\source\irrlicht\obj\release64\cdummytransformationscenenode.obj
d:\irrlicht\irrlicht-1.8.5\source\irrlicht\obj\release64\irrlicht.tlog\cl.command.1.tlog
d:\irrlicht\irrlicht-1.8.5\source\irrlicht\obj\release64\irrlicht.tlog\cl.read.1.tlog
d:\irrlicht\irrlicht-1.8.5\source\irrlicht\obj\release64\irrlicht.tlog\cl.write.1.tlog
