  CD3D8Driver.cpp
  CD3D9Driver.cpp
  CDefaultGUIElementFactory.cpp
D:\Irrlicht\irrlicht-1.8.5\source\Irrlicht\CD3D9Driver.cpp(1535,40): warning C4838: conversion from 'irr::u32' to 'irr::u16' requires a narrowing conversion
  CGUIButton.cpp
  CGUICheckbox.cpp
  CGUIColorSelectDialog.cpp
  CGUIComboBox.cpp
  CGUIContextMenu.cpp
  CGUIEditBox.cpp
  CGUIEnvironment.cpp
  CGUIFileOpenDialog.cpp
D:\Irrlicht\irrlicht-1.8.5\source\Irrlicht\CGUIFileOpenDialog.cpp(390,12): warning C4267: 'initializing': conversion from 'size_t' to 'int', possible loss of data
D:\Irrlicht\irrlicht-1.8.5\source\Irrlicht\CGUIFileOpenDialog.cpp(406,11): warning C4267: 'initializing': conversion from 'size_t' to 'int', possible loss of data
  CGUIImage.cpp
  CGUIImageList.cpp
  CGUIInOutFader.cpp
  CGUIListBox.cpp
  CGUIMenu.cpp
  CGUIMeshViewer.cpp
  CGUIMessageBox.cpp
  CGUIModalScreen.cpp
  CGUIScrollBar.cpp
  Compiling...
  CGUISkin.cpp
  CGUISpinBox.cpp
  CGUIStaticText.cpp
  CGUITabControl.cpp
  CGUITable.cpp
  CGUIToolBar.cpp
  CGUITreeView.cpp
  CGUIWindow.cpp
  Irrlicht.cpp
     Creating library ..\..\lib\Win64-visualstudio\Irrlicht.lib and object ..\..\lib\Win64-visualstudio\Irrlicht.exp
  Generating code
  1 of 17813 functions (<0.1%) were compiled, the rest were copied from previous compilation.
    0 functions were new in current compilation
    108 functions had inline decision re-evaluated but remain unchanged
  Finished generating code
  Irrlicht11.0.vcxproj -> D:\Irrlicht\irrlicht-1.8.5\bin\Win64-VisualStudio\Irrlicht.dll
  'pwsh.exe' is not recognized as an internal or external command,
  operable program or batch file.
