  ISceneCollisionManager.cpp
  CCgMaterialRenderer.cpp
  CD3D9CgMaterialRenderer.cpp
  CDefaultSceneNodeAnimatorFactory.cpp
  CDefaultSceneNodeFactory.cpp
  CGeometryCreator.cpp
  CMeshCache.cpp
  CMeshManipulator.cpp
  COpenGLCgMaterialRenderer.cpp
  CSceneManager.cpp
  C3DSMeshFileLoader.cpp
  CSMFMeshFileLoader.cpp
  CAnimatedMeshHalfLife.cpp
  CAnimatedMeshMD2.cpp
D:\Irrlicht\irrlicht-1.8.5\source\Irrlicht\CAnimatedMeshHalfLife.cpp(31,11): warning C4244: '=': conversion from 'double' to 'irr::f32', possible loss of data
D:\Irrlicht\irrlicht-1.8.5\source\Irrlicht\CAnimatedMeshHalfLife.cpp(32,11): warning C4244: '=': conversion from 'double' to 'irr::f32', possible loss of data
D:\Irrlicht\irrlicht-1.8.5\source\Irrlicht\CAnimatedMeshHalfLife.cpp(34,11): warning C4244: '=': conversion from 'double' to 'irr::f32', possible loss of data
D:\Irrlicht\irrlicht-1.8.5\source\Irrlicht\CAnimatedMeshHalfLife.cpp(35,11): warning C4244: '=': conversion from 'double' to 'irr::f32', possible loss of data
D:\Irrlicht\irrlicht-1.8.5\source\Irrlicht\CAnimatedMeshHalfLife.cpp(37,11): warning C4244: '=': conversion from 'double' to 'irr::f32', possible loss of data
D:\Irrlicht\irrlicht-1.8.5\source\Irrlicht\CAnimatedMeshHalfLife.cpp(38,11): warning C4244: '=': conversion from 'double' to 'irr::f32', possible loss of data
D:\Irrlicht\irrlicht-1.8.5\source\Irrlicht\CAnimatedMeshHalfLife.cpp(83,17): warning C4244: '=': conversion from 'double' to 'irr::f32', possible loss of data
D:\Irrlicht\irrlicht-1.8.5\source\Irrlicht\CAnimatedMeshHalfLife.cpp(84,16): warning C4244: '=': conversion from 'double' to 'irr::f32', possible loss of data
D:\Irrlicht\irrlicht-1.8.5\source\Irrlicht\CAnimatedMeshHalfLife.cpp(85,34): warning C4244: '=': conversion from 'double' to 'irr::f32', possible loss of data
D:\Irrlicht\irrlicht-1.8.5\source\Irrlicht\CAnimatedMeshHalfLife.cpp(86,27): warning C4244: '=': conversion from 'double' to 'irr::f32', possible loss of data
D:\Irrlicht\irrlicht-1.8.5\source\Irrlicht\CAnimatedMeshHalfLife.cpp(101,14): warning C4244: '=': conversion from 'double' to 'irr::f32', possible loss of data
D:\Irrlicht\irrlicht-1.8.5\source\Irrlicht\CAnimatedMeshHalfLife.cpp(102,14): warning C4244: '=': conversion from 'double' to 'irr::f32', possible loss of data
  CAnimatedMeshMD3.cpp
  CB3DMeshFileLoader.cpp
  CBSPMeshFileLoader.cpp
  CColladaFileLoader.cpp
  CCSMLoader.cpp
  CDMFLoader.cpp
  Compiling...
  CIrrMeshFileLoader.cpp
  CLMTSMeshFileLoader.cpp
  CLWOMeshFileLoader.cpp
  CMD2MeshFileLoader.cpp
  CMD3MeshFileLoader.cpp
  CMS3DMeshFileLoader.cpp
  CMY3DMeshFileLoader.cpp
  COBJMeshFileLoader.cpp
  COCTLoader.cpp
  COgreMeshFileLoader.cpp
  CPLYMeshFileLoader.cpp
  CQ3LevelMesh.cpp
  CSkinnedMesh.cpp
  CSTLMeshFileLoader.cpp
  CXMeshFileLoader.cpp
  CAnimatedMeshSceneNode.cpp
D:\Irrlicht\irrlicht-1.8.5\source\Irrlicht\CAnimatedMeshSceneNode.cpp(111,35): warning C4244: '=': conversion from 'double' to 'irr::f32', possible loss of data
D:\Irrlicht\irrlicht-1.8.5\source\Irrlicht\CAnimatedMeshSceneNode.cpp(116,33): warning C4244: '=': conversion from 'double' to 'irr::f32', possible loss of data
  CBillboardSceneNode.cpp
  CBoneSceneNode.cpp
  CCameraSceneNode.cpp
  CCubeSceneNode.cpp
  Compiling...
  CDummyTransformationSceneNode.cpp
  CEmptySceneNode.cpp
  CLightSceneNode.cpp
  CMeshSceneNode.cpp
  COctreeSceneNode.cpp
  CQuake3ShaderSceneNode.cpp
  CShadowVolumeSceneNode.cpp
  CSkyBoxSceneNode.cpp
  CSkyDomeSceneNode.cpp
  CSphereSceneNode.cpp
  CTerrainSceneNode.cpp
  CTextSceneNode.cpp
  CVolumeLightSceneNode.cpp
  CWaterSurfaceSceneNode.cpp
  CParticleAnimatedMeshSceneNodeEmitter.cpp
  CParticleAttractionAffector.cpp
  CParticleBoxEmitter.cpp
  CParticleCylinderEmitter.cpp
  CParticleFadeOutAffector.cpp
  CParticleGravityAffector.cpp
  Compiling...
  CParticleMeshEmitter.cpp
  CParticlePointEmitter.cpp
  CParticleRingEmitter.cpp
  CParticleRotationAffector.cpp
  CParticleScaleAffector.cpp
  CParticleSphereEmitter.cpp
  CParticleSystemSceneNode.cpp
  CMetaTriangleSelector.cpp
  COctreeTriangleSelector.cpp
  CSceneCollisionManager.cpp
  CTerrainTriangleSelector.cpp
  CTriangleBBSelector.cpp
  CTriangleSelector.cpp
  CSceneLoaderIrr.cpp
  CSceneNodeAnimatorCameraFPS.cpp
  CSceneNodeAnimatorCameraMaya.cpp
  CSceneNodeAnimatorCollisionResponse.cpp
  CSceneNodeAnimatorDelete.cpp
  CSceneNodeAnimatorFlyCircle.cpp
  CSceneNodeAnimatorFlyStraight.cpp
  Compiling...
  CSceneNodeAnimatorFollowSpline.cpp
  CSceneNodeAnimatorRotation.cpp
  CSceneNodeAnimatorTexture.cpp
  CColladaMeshWriter.cpp
  CIrrMeshWriter.cpp
  COBJMeshWriter.cpp
  CPLYMeshWriter.cpp
  CSTLMeshWriter.cpp
  CVideoModeList.cpp
  CSoftwareDriver.cpp
  CSoftwareTexture.cpp
  CTRFlat.cpp
  CTRFlatWire.cpp
  CTRGouraud.cpp
  CTRGouraudWire.cpp
  CTRTextureFlat.cpp
  CTRTextureFlatWire.cpp
  CTRTextureGouraud.cpp
  CTRTextureGouraudAdd.cpp
  CTRTextureGouraudNoZ.cpp
  Compiling...
  CTRTextureGouraudWire.cpp
  CZBuffer.cpp
  COpenGLDriver.cpp
D:\Irrlicht\irrlicht-1.8.5\source\Irrlicht\COpenGLDriver.cpp(148,44): warning C4838: conversion from 'int' to 'DWORD' requires a narrowing conversion
  COpenGLExtensionHandler.cpp
  COpenGLNormalMapRenderer.cpp
  COpenGLParallaxMapRenderer.cpp
  COpenGLShaderMaterialRenderer.cpp
  COpenGLSLMaterialRenderer.cpp
  COpenGLTexture.cpp
  CD3D8Driver.cpp
  CD3D8NormalMapRenderer.cpp
  CD3D8ParallaxMapRenderer.cpp
  CD3D8ShaderMaterialRenderer.cpp
  CD3D8Texture.cpp
  CColorConverter.cpp
  CFPSCounter.cpp
  CImage.cpp
  CNullDriver.cpp
  CImageWriterBMP.cpp
  CImageWriterJPG.cpp
  Compiling...
  CImageWriterPCX.cpp
  CImageWriterPNG.cpp
  CImageWriterPPM.cpp
  CImageWriterPSD.cpp
  CImageWriterTGA.cpp
  CImageLoaderBMP.cpp
  CImageLoaderDDS.cpp
  CImageLoaderJPG.cpp
  CImageLoaderPCX.cpp
  CImageLoaderPNG.cpp
  CImageLoaderPPM.cpp
  CImageLoaderPSD.cpp
  CImageLoaderRGB.cpp
  CImageLoaderTGA.cpp
  CImageLoaderWAL.cpp
  CD3D9Driver.cpp
D:\Irrlicht\irrlicht-1.8.5\source\Irrlicht\CD3D9Driver.cpp(1532,40): warning C4838: conversion from 'irr::u32' to 'irr::u16' requires a narrowing conversion
  CD3D9HLSLMaterialRenderer.cpp
  CD3D9NormalMapRenderer.cpp
  CD3D9ParallaxMapRenderer.cpp
  CD3D9ShaderMaterialRenderer.cpp
  Compiling...
  CD3D9Texture.cpp
  CBurningShader_Raster_Reference.cpp
  CDepthBuffer.cpp
  CSoftwareDriver2.cpp
  CSoftwareTexture2.cpp
  CTRGouraud2.cpp
  CTRGouraudAlpha2.cpp
  CTRGouraudAlphaNoZ2.cpp
  CTRNormalMap.cpp
  CTRStencilShadow.cpp
  CTRTextureBlend.cpp
  CTRTextureDetailMap2.cpp
  CTRTextureGouraud2.cpp
  CTRTextureGouraudAdd2.cpp
  CTRTextureGouraudAddNoZ2.cpp
  CTRTextureGouraudAlpha.cpp
  CTRTextureGouraudAlphaNoZ.cpp
  CTRTextureGouraudNoZ2.cpp
  CTRTextureGouraudVertexAlpha2.cpp
  CTRTextureLightMap2_Add.cpp
  Compiling...
  CTRTextureLightMap2_M1.cpp
  CTRTextureLightMap2_M2.cpp
  CTRTextureLightMap2_M4.cpp
  CTRTextureLightMapGouraud2_M4.cpp
  CTRTextureWire2.cpp
  IBurningShader.cpp
  CLogger.cpp
  COSOperator.cpp
  Irrlicht.cpp
  os.cpp
  aescrypt.cpp
  aeskey.cpp
  aestab.cpp
  fileenc.cpp
  hmac.cpp
  prng.cpp
  pwd2key.cpp
  sha1.cpp
  sha2.cpp
  CIrrDeviceConsole.cpp
  Compiling...
  CIrrDeviceFB.cpp
  CIrrDeviceLinux.cpp
  CIrrDeviceSDL.cpp
  CIrrDeviceStub.cpp
  CIrrDeviceWin32.cpp
D:\Irrlicht\irrlicht-1.8.5\source\Irrlicht\CIrrDeviceWin32.cpp(1492,21): warning C4996: 'GetVersionExA': was declared deprecated
D:\Irrlicht\irrlicht-1.8.5\source\Irrlicht\CIrrDeviceWin32.cpp(1496,9): warning C4996: 'GetVersionExA': was declared deprecated
D:\Irrlicht\irrlicht-1.8.5\source\Irrlicht\CIrrDeviceWin32.cpp(1870,8): warning C4996: 'GetVersionExA': was declared deprecated
  CIrrDeviceWinCE.cpp
  CAttributes.cpp
  CFileList.cpp
  CFileSystem.cpp
  CLimitReadFile.cpp
  CMemoryFile.cpp
  CMountPointReader.cpp
  CNPKReader.cpp
  CPakReader.cpp
  CReadFile.cpp
  CTarReader.cpp
  CWADReader.cpp
  CWriteFile.cpp
  CXMLReader.cpp
  CXMLWriter.cpp
  Compiling...
  CZipReader.cpp
D:\Irrlicht\irrlicht-1.8.5\source\Irrlicht\CZipReader.cpp(623,25): warning C4477: 'swprintf_s' : format string '%s' requires an argument of type 'wchar_t *', but variadic argument 1 has type 'const T *'
D:\Irrlicht\irrlicht-1.8.5\source\Irrlicht\CZipReader.cpp(623,25): warning C4477:         with
D:\Irrlicht\irrlicht-1.8.5\source\Irrlicht\CZipReader.cpp(623,25): warning C4477:         [
D:\Irrlicht\irrlicht-1.8.5\source\Irrlicht\CZipReader.cpp(623,25): warning C4477:             T=irr::c8
D:\Irrlicht\irrlicht-1.8.5\source\Irrlicht\CZipReader.cpp(623,25): warning C4477:         ]
      D:\Irrlicht\irrlicht-1.8.5\source\Irrlicht\CZipReader.cpp(623,25):
      consider using '%hs' in the format string
      D:\Irrlicht\irrlicht-1.8.5\source\Irrlicht\CZipReader.cpp(623,25):
      consider using '%Ts' in the format string
      D:\Irrlicht\irrlicht-1.8.5\source\Irrlicht\CZipReader.cpp(623,25):
      this warning is based on non-standard semantics used by Visual C++
  
D:\Irrlicht\irrlicht-1.8.5\source\Irrlicht\CZipReader.cpp(636,26): warning C4477: 'swprintf_s' : format string '%s' requires an argument of type 'wchar_t *', but variadic argument 1 has type 'const T *'
D:\Irrlicht\irrlicht-1.8.5\source\Irrlicht\CZipReader.cpp(636,26): warning C4477:         with
D:\Irrlicht\irrlicht-1.8.5\source\Irrlicht\CZipReader.cpp(636,26): warning C4477:         [
D:\Irrlicht\irrlicht-1.8.5\source\Irrlicht\CZipReader.cpp(636,26): warning C4477:             T=irr::c8
D:\Irrlicht\irrlicht-1.8.5\source\Irrlicht\CZipReader.cpp(636,26): warning C4477:         ]
      D:\Irrlicht\irrlicht-1.8.5\source\Irrlicht\CZipReader.cpp(636,26):
      consider using '%hs' in the format string
      D:\Irrlicht\irrlicht-1.8.5\source\Irrlicht\CZipReader.cpp(636,26):
      consider using '%Ts' in the format string
      D:\Irrlicht\irrlicht-1.8.5\source\Irrlicht\CZipReader.cpp(636,26):
      this warning is based on non-standard semantics used by Visual C++
  
D:\Irrlicht\irrlicht-1.8.5\source\Irrlicht\CZipReader.cpp(677,25): warning C4477: 'swprintf_s' : format string '%s' requires an argument of type 'wchar_t *', but variadic argument 1 has type 'const T *'
D:\Irrlicht\irrlicht-1.8.5\source\Irrlicht\CZipReader.cpp(677,25): warning C4477:         with
D:\Irrlicht\irrlicht-1.8.5\source\Irrlicht\CZipReader.cpp(677,25): warning C4477:         [
D:\Irrlicht\irrlicht-1.8.5\source\Irrlicht\CZipReader.cpp(677,25): warning C4477:             T=irr::c8
D:\Irrlicht\irrlicht-1.8.5\source\Irrlicht\CZipReader.cpp(677,25): warning C4477:         ]
      D:\Irrlicht\irrlicht-1.8.5\source\Irrlicht\CZipReader.cpp(677,25):
      consider using '%hs' in the format string
      D:\Irrlicht\irrlicht-1.8.5\source\Irrlicht\CZipReader.cpp(677,25):
      consider using '%Ts' in the format string
      D:\Irrlicht\irrlicht-1.8.5\source\Irrlicht\CZipReader.cpp(677,25):
      this warning is based on non-standard semantics used by Visual C++
  
D:\Irrlicht\irrlicht-1.8.5\source\Irrlicht\CZipReader.cpp(697,25): warning C4477: 'swprintf_s' : format string '%s' requires an argument of type 'wchar_t *', but variadic argument 1 has type 'const T *'
D:\Irrlicht\irrlicht-1.8.5\source\Irrlicht\CZipReader.cpp(697,25): warning C4477:         with
D:\Irrlicht\irrlicht-1.8.5\source\Irrlicht\CZipReader.cpp(697,25): warning C4477:         [
D:\Irrlicht\irrlicht-1.8.5\source\Irrlicht\CZipReader.cpp(697,25): warning C4477:             T=irr::c8
D:\Irrlicht\irrlicht-1.8.5\source\Irrlicht\CZipReader.cpp(697,25): warning C4477:         ]
      D:\Irrlicht\irrlicht-1.8.5\source\Irrlicht\CZipReader.cpp(697,25):
      consider using '%hs' in the format string
      D:\Irrlicht\irrlicht-1.8.5\source\Irrlicht\CZipReader.cpp(697,25):
      consider using '%Ts' in the format string
      D:\Irrlicht\irrlicht-1.8.5\source\Irrlicht\CZipReader.cpp(697,25):
      this warning is based on non-standard semantics used by Visual C++
  
D:\Irrlicht\irrlicht-1.8.5\source\Irrlicht\CZipReader.cpp(710,26): warning C4477: 'swprintf_s' : format string '%s' requires an argument of type 'wchar_t *', but variadic argument 1 has type 'const T *'
D:\Irrlicht\irrlicht-1.8.5\source\Irrlicht\CZipReader.cpp(710,26): warning C4477:         with
D:\Irrlicht\irrlicht-1.8.5\source\Irrlicht\CZipReader.cpp(710,26): warning C4477:         [
D:\Irrlicht\irrlicht-1.8.5\source\Irrlicht\CZipReader.cpp(710,26): warning C4477:             T=irr::c8
D:\Irrlicht\irrlicht-1.8.5\source\Irrlicht\CZipReader.cpp(710,26): warning C4477:         ]
      D:\Irrlicht\irrlicht-1.8.5\source\Irrlicht\CZipReader.cpp(710,26):
      consider using '%hs' in the format string
      D:\Irrlicht\irrlicht-1.8.5\source\Irrlicht\CZipReader.cpp(710,26):
      consider using '%Ts' in the format string
      D:\Irrlicht\irrlicht-1.8.5\source\Irrlicht\CZipReader.cpp(710,26):
      this warning is based on non-standard semantics used by Visual C++
  
D:\Irrlicht\irrlicht-1.8.5\source\Irrlicht\CZipReader.cpp(748,25): warning C4477: 'swprintf_s' : format string '%s' requires an argument of type 'wchar_t *', but variadic argument 1 has type 'const T *'
D:\Irrlicht\irrlicht-1.8.5\source\Irrlicht\CZipReader.cpp(748,25): warning C4477:         with
D:\Irrlicht\irrlicht-1.8.5\source\Irrlicht\CZipReader.cpp(748,25): warning C4477:         [
D:\Irrlicht\irrlicht-1.8.5\source\Irrlicht\CZipReader.cpp(748,25): warning C4477:             T=irr::c8
D:\Irrlicht\irrlicht-1.8.5\source\Irrlicht\CZipReader.cpp(748,25): warning C4477:         ]
      D:\Irrlicht\irrlicht-1.8.5\source\Irrlicht\CZipReader.cpp(748,25):
      consider using '%hs' in the format string
      D:\Irrlicht\irrlicht-1.8.5\source\Irrlicht\CZipReader.cpp(748,25):
      consider using '%Ts' in the format string
      D:\Irrlicht\irrlicht-1.8.5\source\Irrlicht\CZipReader.cpp(748,25):
      this warning is based on non-standard semantics used by Visual C++
  
D:\Irrlicht\irrlicht-1.8.5\source\Irrlicht\CZipReader.cpp(769,25): warning C4477: 'swprintf_s' : format string '%s' requires an argument of type 'wchar_t *', but variadic argument 1 has type 'const T *'
D:\Irrlicht\irrlicht-1.8.5\source\Irrlicht\CZipReader.cpp(769,25): warning C4477:         with
D:\Irrlicht\irrlicht-1.8.5\source\Irrlicht\CZipReader.cpp(769,25): warning C4477:         [
D:\Irrlicht\irrlicht-1.8.5\source\Irrlicht\CZipReader.cpp(769,25): warning C4477:             T=irr::c8
D:\Irrlicht\irrlicht-1.8.5\source\Irrlicht\CZipReader.cpp(769,25): warning C4477:         ]
      D:\Irrlicht\irrlicht-1.8.5\source\Irrlicht\CZipReader.cpp(769,25):
      consider using '%hs' in the format string
      D:\Irrlicht\irrlicht-1.8.5\source\Irrlicht\CZipReader.cpp(769,25):
      consider using '%Ts' in the format string
      D:\Irrlicht\irrlicht-1.8.5\source\Irrlicht\CZipReader.cpp(769,25):
      this warning is based on non-standard semantics used by Visual C++
  
D:\Irrlicht\irrlicht-1.8.5\source\Irrlicht\CZipReader.cpp(782,26): warning C4477: 'swprintf_s' : format string '%s' requires an argument of type 'wchar_t *', but variadic argument 1 has type 'const T *'
D:\Irrlicht\irrlicht-1.8.5\source\Irrlicht\CZipReader.cpp(782,26): warning C4477:         with
D:\Irrlicht\irrlicht-1.8.5\source\Irrlicht\CZipReader.cpp(782,26): warning C4477:         [
D:\Irrlicht\irrlicht-1.8.5\source\Irrlicht\CZipReader.cpp(782,26): warning C4477:             T=irr::c8
D:\Irrlicht\irrlicht-1.8.5\source\Irrlicht\CZipReader.cpp(782,26): warning C4477:         ]
      D:\Irrlicht\irrlicht-1.8.5\source\Irrlicht\CZipReader.cpp(782,26):
      consider using '%hs' in the format string
      D:\Irrlicht\irrlicht-1.8.5\source\Irrlicht\CZipReader.cpp(782,26):
      consider using '%Ts' in the format string
      D:\Irrlicht\irrlicht-1.8.5\source\Irrlicht\CZipReader.cpp(782,26):
      this warning is based on non-standard semantics used by Visual C++
  
D:\Irrlicht\irrlicht-1.8.5\source\Irrlicht\CZipReader.cpp(829,23): warning C4477: 'swprintf_s' : format string '%s' requires an argument of type 'wchar_t *', but variadic argument 1 has type 'const T *'
D:\Irrlicht\irrlicht-1.8.5\source\Irrlicht\CZipReader.cpp(829,23): warning C4477:         with
D:\Irrlicht\irrlicht-1.8.5\source\Irrlicht\CZipReader.cpp(829,23): warning C4477:         [
D:\Irrlicht\irrlicht-1.8.5\source\Irrlicht\CZipReader.cpp(829,23): warning C4477:             T=irr::c8
D:\Irrlicht\irrlicht-1.8.5\source\Irrlicht\CZipReader.cpp(829,23): warning C4477:         ]
      D:\Irrlicht\irrlicht-1.8.5\source\Irrlicht\CZipReader.cpp(829,23):
      consider using '%hs' in the format string
      D:\Irrlicht\irrlicht-1.8.5\source\Irrlicht\CZipReader.cpp(829,23):
      consider using '%Ts' in the format string
      D:\Irrlicht\irrlicht-1.8.5\source\Irrlicht\CZipReader.cpp(829,23):
      this warning is based on non-standard semantics used by Visual C++
  
  irrXML.cpp
  CDefaultGUIElementFactory.cpp
  CGUIButton.cpp
  CGUICheckbox.cpp
  CGUIColorSelectDialog.cpp
  CGUIComboBox.cpp
  CGUIContextMenu.cpp
  CGUIEditBox.cpp
  CGUIEnvironment.cpp
  CGUIFileOpenDialog.cpp
  CGUIFont.cpp
  CGUIImage.cpp
  CGUIImageList.cpp
  CGUIInOutFader.cpp
  CGUIListBox.cpp
  CGUIMenu.cpp
  CGUIMeshViewer.cpp
  CGUIMessageBox.cpp
  CGUIModalScreen.cpp
  Compiling...
  CGUIScrollBar.cpp
  CGUISkin.cpp
  CGUISpinBox.cpp
  CGUISpriteBank.cpp
  CGUIStaticText.cpp
  CGUITabControl.cpp
  CGUITable.cpp
  CGUIToolBar.cpp
  CGUITreeView.cpp
  CGUIWindow.cpp
  LzmaDec.c
  adler32.c
  compress.c
  crc32.c
  deflate.c
  inffast.c
  inflate.c
  inftrees.c
  trees.c
  uncompr.c
  zutil.c
  jaricom.c
  jcapimin.c
  jcapistd.c
  jcarith.c
  jccoefct.c
  jccolor.c
  jcdctmgr.c
  jchuff.c
  jcinit.c
  Compiling...
  jcmainct.c
  jcmarker.c
  jcmaster.c
  jcomapi.c
  jcparam.c
  jcprepct.c
  jcsample.c
  jctrans.c
  jdapimin.c
  jdapistd.c
  jdarith.c
  jdatadst.c
  jdatasrc.c
  jdcoefct.c
  jdcolor.c
  jddctmgr.c
  jdhuff.c
  jdinput.c
  jdmainct.c
  jdmarker.c
  Compiling...
  jdmaster.c
  jdmerge.c
  jdpostct.c
  jdsample.c
  jdtrans.c
  jerror.c
  jfdctflt.c
  jfdctfst.c
  jfdctint.c
  jidctflt.c
  jidctfst.c
  jidctint.c
  jmemmgr.c
  jmemnobs.c
  jquant1.c
  jquant2.c
  jutils.c
  png.c
  pngerror.c
  pngget.c
  Compiling...
  pngmem.c
  pngpread.c
  pngread.c
  pngrio.c
  pngrtran.c
  pngrutil.c
  pngset.c
  pngtrans.c
  pngwio.c
  pngwrite.c
  pngwtran.c
  pngwutil.c
  blocksort.c
  bzcompress.c
  bzlib.c
  crctable.c
  decompress.c
  huffman.c
  randtable.c
     Creating library ..\..\lib\Win32-visualstudio\Irrlicht.lib and object ..\..\lib\Win32-visualstudio\Irrlicht.exp
  Generating code
  Previous IPDB not found, fall back to full compilation.
  All 13278 functions were compiled because no usable IPDB/IOBJ from previous compilation was found.
  Finished generating code
  Irrlicht11.0.vcxproj -> D:\Irrlicht\irrlicht-1.8.5\bin\Win32-VisualStudio\Irrlicht.dll
  'pwsh.exe' is not recognized as an internal or external command,
  operable program or batch file.
